Блокнот
https://www.youtube.com/channel/UCdqYirwMU7IhIH3sMMLgFyA

*Сыра
https://www.youtube.com/channel/UCCpISyqt75BMd84rczbmPew

Паша
https://www.youtube.com/@RationalAnswer

#Тулешова
#https://www.youtube.com/channel/UCynFmFoRYWJcCOjVdkK53dA

#Тулешова Fan
#https://www.youtube.com/channel/UCI3WFaxO7wXe2VCwbeOKcAA

Алли
https://www.youtube.com/c/AllieSherlockMusic

Gamazda
https://www.youtube.com/channel/UCKscaP2HvovgMjkpY6KwfJQ

Ден
https://www.youtube.com/c/DenisLegostaev2015

#Механик Life
#https://www.youtube.com/channel/UC6rJlbPrc07AnG4BYlciPoA

Негода
https://www.youtube.com/@igorNegoda

#Лёха Романтик
#https://www.youtube.com/channel/UCGYgVfHu8O6FXVY7ru0S0ng

#Дима Электроскульптор
#https://www.youtube.com/@electrosculptor-life

#Даник
#https://www.youtube.com/@daniq

#ShankaNaka
#https://www.youtube.com/channel/UCrRUQe61gG5bS-ysND9LO2Q

Хутор
https://www.youtube.com/channel/UCk_v6fwTjEFQ3wNODUvrQQg

#Сливочное Лето
#https://www.youtube.com/channel/UC7YkmCsamDapgPGgQHqutZg

Горожан
https://www.youtube.com/c/MsMaik40

#Свиньи как бизнес
#https://www.youtube.com/channel/UC5i1nnsZZv8FF8K_KKZmLLA

Чирков
https://www.youtube.com/channel/UCNdW2UCjmbE97i-ys4hjOaA

Газ
https://www.youtube.com/@gazdalbagan

#Сладков
#https://www.youtube.com/@Sladkov

Justus
https://www.youtube.com/user/senttosiberia

#Новоселов
#https://www.youtube.com/user/HumansEthology

*Тоха
https://www.youtube.com/user/STARpolit

Гивер
https://www.youtube.com/channel/UCgtAOyEQdAyjvm9ATCi_Aig

#Заметки Ардуинщика
#https://www.youtube.com/@ArduNotes

#Фанаты Балдежа
#https://www.youtube.com/@monobogdan

#Darisha
#https://www.youtube.com/channel/UC3-cwyHbj9tD1GbFVC6I-Sg

#Darisha Fan
#https://www.youtube.com/channel/UC21K56ypwKTxfnwSiSfb-Pg

*Джейн
https://www.youtube.com/c/%D0%9C%D1%8D%D1%80%D0%B8%D0%94%D0%B6%D0%B5%D0%B9%D0%BD%D0%A4%D0%B8%D0%BB%D0%B8%D0%BF%D0%BF%D0%B8%D0%BD%D0%BA%D0%B0

Фаза
https://www.youtube.com/c/npoddubnov

#Вольному Воля
#https://www.youtube.com/c/OlegPrikhodko

#Австралийка
#https://www.youtube.com/c/RussianHomesteadGirl

Зять
https://www.youtube.com/@82acresfarm

РусыКан
https://www.youtube.com/@LoversOfSilence

Вано
https://www.youtube.com/channel/UChuXidrnnJKMRuiAZuGGMAA

Брянская
https://www.youtube.com/channel/UCu4ed_B9V1SH7G04-bJycvg

Леся
https://www.youtube.com/@lesyaka69

Юрок
https://www.youtube.com/@nestrashno

Полька
https://www.youtube.com/@NASTICARO

#Ходос
#https://www.youtube.com/@%D0%AD%D0%B4%D1%83%D0%B0%D1%80%D0%B4%D0%A5%D0%BE%D0%B4%D0%BE%D1%81-%D0%90%D0%BD%D0%BE%D0%BD%D1%81

#Дядя Саша
#https://www.youtube.com/channel/UC1phUq0OlREEWPRUNukOBag

#Александр Воронков
#https://www.youtube.com/channel/UCx525stsaE6jS65w6uZN39A

Халез
https://www.youtube.com/c/%D0%94%D0%BC%D0%B8%D1%82%D1%80%D0%B8%D0%B9%D0%90%D0%BB%D0%B5%D0%BA%D1%81%D0%B5%D0%B5%D0%B2%D0%B8%D1%87911

Халез2
https://www.youtube.com/@dmitri-khalezov_2

Катя
https://youtube.com/channel/UCTXnw_D6nMlwttP3KGg9kiA

#Катя2
#https://www.youtube.com/channel/UCgqDtWGxYgL-Eo3rkr3Fl0A

#Ткацкий
#https://www.youtube.com/@GregZwadlo

Кэндис
https://www.youtube.com/@CandaceOwensShow

#Victoria Stories
#https://www.youtube.com/channel/UC1KvcX4NDJKZXtR9dcKy6Kg

#Коза-Доза
#https://www.youtube.com/user/kot262626

Пилоты
https://www.youtube.com/@AlexanderPilot

Расторг
https://www.youtube.com/@Ras.torguev

Боря
https://youtube.com/@borisgetscash

#Саша-Африка
#https://www.youtube.com/channel/UCLzOA2hij2eUfY6hecFLkFQ

#Lex Incorp
#https://www.youtube.com/@LEX1ncorporated

Соня
https://www.youtube.com/c/%D0%9C%D1%8B%D0%B5%D0%B4%D0%B8%D0%BC%D0%BD%D0%B0%D1%82%D1%83%D1%80%D0%B0%D0%BB%D1%8C%D0%BD%D0%BE%D0%B5%D0%9F%D0%B5%D1%80%D0%B5%D0%B5%D0%B7%D0%B4%D0%B2%D0%B4%D0%B5%D1%80%D0%B5%D0%B2%D0%BD%D1%8E

Гурин
https://www.youtube.com/@AnatoliiGurin

Гурин2
https://www.youtube.com/@GurinLive

Вест
https://www.youtube.com/c/DmitriiWest

Грибочек
https://www.youtube.com/@ganzmusicschool
